------------------------------------------------------------
Timing Analyzer Summary
------------------------------------------------------------

Type  : Setup 'clk50MHz'
Slack : -6.580
TNS   : -73.120

Type  : Setup 'sync_freq_divider:sync_freq_divider_1|t_flipflop:tff16|out'
Slack : -6.144
TNS   : -97.109

Type  : Setup 'bandeja:bandeja_1|counter:counter_unidades|out[0]'
Slack : -2.244
TNS   : -7.844

Type  : Setup 'fsm_dispensador:fsm_dispensador_1|state[0]'
Slack : -1.862
TNS   : -15.503

Type  : Setup 'duzias:duzias_1|counter:counter_duzias|out[0]'
Slack : -1.844
TNS   : -5.235

Type  : Setup 'duzias:duzias_1|counter:counter_unidades|out[0]'
Slack : -1.810
TNS   : -6.637

Type  : Hold 'fsm_dispensador:fsm_dispensador_1|state[0]'
Slack : -5.959
TNS   : -38.978

Type  : Hold 'duzias:duzias_1|counter:counter_duzias|out[0]'
Slack : -2.044
TNS   : -7.481

Type  : Hold 'sync_freq_divider:sync_freq_divider_1|t_flipflop:tff16|out'
Slack : -1.737
TNS   : -3.237

Type  : Hold 'clk50MHz'
Slack : -1.616
TNS   : -1.616

Type  : Hold 'bandeja:bandeja_1|counter:counter_unidades|out[0]'
Slack : 1.688
TNS   : 0.000

Type  : Hold 'duzias:duzias_1|counter:counter_unidades|out[0]'
Slack : 1.730
TNS   : 0.000

Type  : Recovery 'bandeja:bandeja_1|counter:counter_unidades|out[0]'
Slack : -6.371
TNS   : -25.484

Type  : Recovery 'sync_freq_divider:sync_freq_divider_1|t_flipflop:tff16|out'
Slack : -4.759
TNS   : -16.679

Type  : Recovery 'fsm_dispensador:fsm_dispensador_1|state[0]'
Slack : -4.519
TNS   : -14.965

Type  : Recovery 'duzias:duzias_1|counter:counter_duzias|out[0]'
Slack : -3.710
TNS   : -14.840

Type  : Recovery 'duzias:duzias_1|counter:counter_unidades|out[0]'
Slack : -3.358
TNS   : -13.432

Type  : Removal 'sync_freq_divider:sync_freq_divider_1|t_flipflop:tff16|out'
Slack : -0.455
TNS   : -0.455

Type  : Removal 'fsm_dispensador:fsm_dispensador_1|state[0]'
Slack : 0.307
TNS   : 0.000

Type  : Removal 'bandeja:bandeja_1|counter:counter_unidades|out[0]'
Slack : 1.498
TNS   : 0.000

Type  : Removal 'duzias:duzias_1|counter:counter_unidades|out[0]'
Slack : 3.804
TNS   : 0.000

Type  : Removal 'duzias:duzias_1|counter:counter_duzias|out[0]'
Slack : 4.156
TNS   : 0.000

Type  : Minimum Pulse Width 'clk50MHz'
Slack : -2.289
TNS   : -2.289

Type  : Minimum Pulse Width 'bandeja:bandeja_1|counter:counter_unidades|out[0]'
Slack : 0.234
TNS   : 0.000

Type  : Minimum Pulse Width 'duzias:duzias_1|counter:counter_duzias|out[0]'
Slack : 0.234
TNS   : 0.000

Type  : Minimum Pulse Width 'duzias:duzias_1|counter:counter_unidades|out[0]'
Slack : 0.234
TNS   : 0.000

Type  : Minimum Pulse Width 'fsm_dispensador:fsm_dispensador_1|state[0]'
Slack : 0.234
TNS   : 0.000

Type  : Minimum Pulse Width 'sync_freq_divider:sync_freq_divider_1|t_flipflop:tff16|out'
Slack : 0.234
TNS   : 0.000

------------------------------------------------------------
