------------------------------------------------------------
Timing Analyzer Summary
------------------------------------------------------------

Type  : Setup 'clk50MHz'
Slack : -8.043
TNS   : -116.935

Type  : Setup 'fsm_dispensador:fsm_dispensador_1|state[0]'
Slack : -1.923
TNS   : -15.868

Type  : Setup 'bandeja:bandeja_1|counter:counter_unidades|out[0]'
Slack : -1.892
TNS   : -7.299

Type  : Setup 'duzias:duzias_1|counter:counter_unidades|out[0]'
Slack : -1.844
TNS   : -6.683

Type  : Setup 'duzias:duzias_1|counter:counter_duzias|out[0]'
Slack : -1.758
TNS   : -5.272

Type  : Hold 'fsm_dispensador:fsm_dispensador_1|state[0]'
Slack : -6.940
TNS   : -50.979

Type  : Hold 'clk50MHz'
Slack : -1.525
TNS   : -2.460

Type  : Hold 'duzias:duzias_1|counter:counter_duzias|out[0]'
Slack : -1.273
TNS   : -4.039

Type  : Hold 'duzias:duzias_1|counter:counter_unidades|out[0]'
Slack : 1.707
TNS   : 0.000

Type  : Hold 'bandeja:bandeja_1|counter:counter_unidades|out[0]'
Slack : 1.709
TNS   : 0.000

Type  : Recovery 'bandeja:bandeja_1|counter:counter_unidades|out[0]'
Slack : -5.562
TNS   : -22.248

Type  : Recovery 'clk50MHz'
Slack : -4.485
TNS   : -16.951

Type  : Recovery 'duzias:duzias_1|counter:counter_duzias|out[0]'
Slack : -3.125
TNS   : -12.500

Type  : Recovery 'duzias:duzias_1|counter:counter_unidades|out[0]'
Slack : -3.094
TNS   : -12.376

Type  : Recovery 'fsm_dispensador:fsm_dispensador_1|state[0]'
Slack : -1.096
TNS   : -3.288

Type  : Removal 'fsm_dispensador:fsm_dispensador_1|state[0]'
Slack : -2.131
TNS   : -15.518

Type  : Removal 'clk50MHz'
Slack : 1.582
TNS   : 0.000

Type  : Removal 'bandeja:bandeja_1|counter:counter_unidades|out[0]'
Slack : 2.149
TNS   : 0.000

Type  : Removal 'duzias:duzias_1|counter:counter_unidades|out[0]'
Slack : 3.540
TNS   : 0.000

Type  : Removal 'duzias:duzias_1|counter:counter_duzias|out[0]'
Slack : 3.571
TNS   : 0.000

Type  : Minimum Pulse Width 'clk50MHz'
Slack : -2.289
TNS   : -2.289

Type  : Minimum Pulse Width 'bandeja:bandeja_1|counter:counter_unidades|out[0]'
Slack : 0.234
TNS   : 0.000

Type  : Minimum Pulse Width 'duzias:duzias_1|counter:counter_duzias|out[0]'
Slack : 0.234
TNS   : 0.000

Type  : Minimum Pulse Width 'duzias:duzias_1|counter:counter_unidades|out[0]'
Slack : 0.234
TNS   : 0.000

Type  : Minimum Pulse Width 'fsm_dispensador:fsm_dispensador_1|state[0]'
Slack : 0.234
TNS   : 0.000

------------------------------------------------------------
