------------------------------------------------------------
Timing Analyzer Summary
------------------------------------------------------------

Type  : Setup 'clk50MHz'
Slack : -6.247
TNS   : -74.105

Type  : Setup 'sync_freq_divider:sync_freq_divider_1|t_flipflop:tff16|out'
Slack : -6.153
TNS   : -94.210

Type  : Setup 'duzias:duzias_1|counter:counter_unidades|out[0]'
Slack : -1.909
TNS   : -6.747

Type  : Setup 'fsm_dispensador:fsm_dispensador_1|state[0]'
Slack : -1.872
TNS   : -14.876

Type  : Setup 'duzias:duzias_1|counter:counter_duzias|out[0]'
Slack : -1.744
TNS   : -5.015

Type  : Setup 'bandeja:bandeja_1|counter:counter_unidades|out[0]'
Slack : -1.230
TNS   : -1.230

Type  : Hold 'fsm_dispensador:fsm_dispensador_1|state[0]'
Slack : -6.733
TNS   : -48.542

Type  : Hold 'sync_freq_divider:sync_freq_divider_1|t_flipflop:tff16|out'
Slack : -2.338
TNS   : -3.969

Type  : Hold 'clk50MHz'
Slack : -1.790
TNS   : -1.790

Type  : Hold 'duzias:duzias_1|counter:counter_duzias|out[0]'
Slack : -1.142
TNS   : -3.538

Type  : Hold 'bandeja:bandeja_1|counter:counter_unidades|out[0]'
Slack : 1.676
TNS   : 0.000

Type  : Hold 'duzias:duzias_1|counter:counter_unidades|out[0]'
Slack : 1.702
TNS   : 0.000

Type  : Recovery 'bandeja:bandeja_1|counter:counter_unidades|out[0]'
Slack : -6.316
TNS   : -6.316

Type  : Recovery 'sync_freq_divider:sync_freq_divider_1|t_flipflop:tff16|out'
Slack : -4.773
TNS   : -17.121

Type  : Recovery 'duzias:duzias_1|counter:counter_duzias|out[0]'
Slack : -4.444
TNS   : -17.776

Type  : Recovery 'fsm_dispensador:fsm_dispensador_1|state[0]'
Slack : -3.379
TNS   : -10.137

Type  : Recovery 'duzias:duzias_1|counter:counter_unidades|out[0]'
Slack : -3.207
TNS   : -12.828

Type  : Removal 'fsm_dispensador:fsm_dispensador_1|state[0]'
Slack : -0.432
TNS   : -1.728

Type  : Removal 'sync_freq_divider:sync_freq_divider_1|t_flipflop:tff16|out'
Slack : -0.352
TNS   : -0.352

Type  : Removal 'bandeja:bandeja_1|counter:counter_unidades|out[0]'
Slack : 1.557
TNS   : 0.000

Type  : Removal 'duzias:duzias_1|counter:counter_unidades|out[0]'
Slack : 3.653
TNS   : 0.000

Type  : Removal 'duzias:duzias_1|counter:counter_duzias|out[0]'
Slack : 4.890
TNS   : 0.000

Type  : Minimum Pulse Width 'clk50MHz'
Slack : -2.289
TNS   : -2.289

Type  : Minimum Pulse Width 'bandeja:bandeja_1|counter:counter_unidades|out[0]'
Slack : 0.234
TNS   : 0.000

Type  : Minimum Pulse Width 'duzias:duzias_1|counter:counter_duzias|out[0]'
Slack : 0.234
TNS   : 0.000

Type  : Minimum Pulse Width 'duzias:duzias_1|counter:counter_unidades|out[0]'
Slack : 0.234
TNS   : 0.000

Type  : Minimum Pulse Width 'fsm_dispensador:fsm_dispensador_1|state[0]'
Slack : 0.234
TNS   : 0.000

Type  : Minimum Pulse Width 'sync_freq_divider:sync_freq_divider_1|t_flipflop:tff16|out'
Slack : 0.234
TNS   : 0.000

------------------------------------------------------------
